******************************************************************************
                  TI ARM Linker PC v16.9.6                     
******************************************************************************
>> Linked Thu Apr 05 20:00:28 2018

OUTPUT FILE NAME:   <ESP8266.out>
ENTRY POINT SYMBOL: "_c_int00"  address: 000018f9


MEMORY CONFIGURATION

         name            origin    length      used     unused   attr    fill
----------------------  --------  ---------  --------  --------  ----  --------
  MAIN                  00000000   00040000  00001eb6  0003e14a  R  X
  INFO                  00200000   00004000  00000000  00004000  R  X
  SRAM_CODE             01000000   00010000  00002ca8  0000d358  RW X
  SRAM_DATA             20000000   00010000  00002ca8  0000d358  RW  


SEGMENT ALLOCATION MAP

run origin  load origin   length   init length attrs members
----------  ----------- ---------- ----------- ----- -------
00000000    00000000    00001eb8   00001eb8    r-x
  00000000    00000000    000000e4   000000e4    r-- .intvecs
  000000e4    000000e4    00001b30   00001b30    r-x .text
  00001c14    00001c14    0000023a   0000023a    r-- .const
  00001e50    00001e50    00000068   00000068    r-- .cinit
20000000    20000000    000028a8   00000000    rw-
  20000000    20000000    00002818   00000000    rw- .bss
  20002818    20002818    00000090   00000000    rw- .data
2000fc00    2000fc00    00000400   00000000    rw-
  2000fc00    2000fc00    00000400   00000000    rw- .stack


SECTION ALLOCATION MAP

 output                                  attributes/
section   page    origin      length       input sections
--------  ----  ----------  ----------   ----------------
.intvecs   0    00000000    000000e4     
                  00000000    000000e4     startup_msp432p401r_ccs.obj (.intvecs:retain)

.binit     0    00000000    00000000     

.text      0    000000e4    00001b30     
                  000000e4    00000774     main.obj (.text)
                  00000858    00000410     ESP8266.obj (.text)
                  00000c68    00000370     UART_Driver.obj (.text)
                  00000fd8    0000032c     system_msp432p401r.obj (.text)
                  00001304    00000224     MSPIO.obj (.text)
                  00001528    000000dc     msp432p4xx_driverlib.lib : pcm_MSP432P4XX.obj (.text:__PCM_setPowerModeAdvanced)
                  00001604    000000b0                              : pcm_MSP432P4XX.obj (.text:__PCM_setCoreVoltageLevelAdvanced)
                  000016b4    0000009c     rtsv7M4_T_le_v4SPD16_eabi.lib : memcpy_t2.obj (.text)
                  00001750    0000007a                                   : memset_t2.obj (.text)
                  000017ca    00000002                                   : mpu_init.obj (.text)
                  000017cc    00000070                                   : autoinit.obj (.text)
                  0000183c    00000068                                   : copy_decompress_lzss.obj (.text:decompress:lzss)
                  000018a4    00000054     GPIO_Driver.obj (.text)
                  000018f8    00000054     rtsv7M4_T_le_v4SPD16_eabi.lib : boot.obj (.text)
                  0000194c    00000054                                   : exit.obj (.text)
                  000019a0    00000054                                   : ltoa.obj (.text)
                  000019f4    0000004c                                   : atoi.obj (.text)
                  00001a40    0000004c                                   : cpy_tbl.obj (.text)
                  00001a8c    00000034                                   : strstr.obj (.text)
                  00001ac0    0000002c     msp432p4xx_driverlib.lib : pcm_MSP432P4XX.obj (.text:PCM_getCoreVoltageLevel)
                  00001aec    0000002a                              : pcm_MSP432P4XX.obj (.text:PCM_getPowerMode)
                  00001b16    00000002     rtsv7M4_T_le_v4SPD16_eabi.lib : startup.obj (.text)
                  00001b18    00000028     msp432p4xx_driverlib.lib : flash_MSP432P4XX.obj (.text:FlashCtl_setWaitState)
                  00001b40    00000024                              : cs_MSP432P4XX.obj (.text:CS_setDCOCenteredFrequency)
                  00001b64    00000022     CS_Driver.obj (.text)
                  00001b86    00000002     --HOLE-- [fill = 0]
                  00001b88    00000018     rtsv7M4_T_le_v4SPD16_eabi.lib : args_main.obj (.text)
                  00001ba0    00000014     msp432p4xx_driverlib.lib : gpio_MSP432P4XX.obj (.text:GPIO_toggleOutputOnPin)
                  00001bb4    00000014     rtsv7M4_T_le_v4SPD16_eabi.lib : _lock.obj (.text)
                  00001bc8    00000010     msp432p4xx_driverlib.lib : pcm_MSP432P4XX.obj (.text:PCM_getPowerState)
                  00001bd8    0000000e     rtsv7M4_T_le_v4SPD16_eabi.lib : copy_decompress_none.obj (.text:decompress:none)
                  00001be6    0000000e     startup_msp432p401r_ccs.obj (.text)
                  00001bf4    0000000c     rtsv7M4_T_le_v4SPD16_eabi.lib : copy_zero_init.obj (.text:decompress:ZI)
                  00001c00    00000008     msp432p4xx_driverlib.lib : pcm_MSP432P4XX.obj (.text:PCM_setCoreVoltageLevel)
                  00001c08    00000008                              : pcm_MSP432P4XX.obj (.text:PCM_setPowerMode)
                  00001c10    00000004     rtsv7M4_T_le_v4SPD16_eabi.lib : pre_init.obj (.text)

.const     0    00001c14    0000023a     
                  00001c14    00000101     rtsv7M4_T_le_v4SPD16_eabi.lib : ctype.obj (.const:.string:_ctypes_)
                  00001d15    00000076     main.obj (.const:.string:$P$T5$6)
                  00001d8b    00000053     main.obj (.const:.string:$P$T3$4)
                  00001dde    00000002     --HOLE-- [fill = 0]
                  00001de0    00000030     msp432p4xx_driverlib.lib : gpio_MSP432P4XX.obj (.const:GPIO_PORT_TO_BASE)
                  00001e10    00000013     main.obj (.const:.string:$P$T1$2)
                  00001e23    00000013     main.obj (.const:.string:$P$T2$3)
                  00001e36    0000000c     main.obj (.const:.string:$P$T0$1)
                  00001e42    0000000c     main.obj (.const:.string:$P$T4$5)

.cinit     0    00001e50    00000068     
                  00001e50    00000043     (.cinit..data.load) [load image, compression = lzss]
                  00001e93    00000001     --HOLE-- [fill = 0]
                  00001e94    0000000c     (__TI_handler_table)
                  00001ea0    00000008     (.cinit..bss.load) [load image, compression = zero_init]
                  00001ea8    00000010     (__TI_cinit_table)

.init_array 
*          0    00000000    00000000     UNINITIALIZED

.bss       0    20000000    00002818     UNINITIALIZED
                  20000000    00001000     (.common:ESP8266_Buffer)
                  20001000    00001000     (.common:UARTA2Data)
                  20002000    00000800     (.common:UARTA0Data)
                  20002800    00000004     (.common:ADDTARGET)
                  20002804    00000004     (.common:SUBTARGET)
                  20002808    00000004     (.common:UARTA0ReadIndex)
                  2000280c    00000004     (.common:UARTA0WriteIndex)
                  20002810    00000004     (.common:UARTA2ReadIndex)
                  20002814    00000004     (.common:UARTA2WriteIndex)

.data      0    20002818    00000090     UNINITIALIZED
                  20002818    00000024     main.obj (.data:UART0Config)
                  2000283c    00000024     main.obj (.data:UART2Config)
                  20002860    00000018     main.obj (.data:pwmConfig)
                  20002878    00000014     main.obj (.data)
                  2000288c    0000000c     rtsv7M4_T_le_v4SPD16_eabi.lib : exit.obj (.data:$O1$$)
                  20002898    00000008                                   : _lock.obj (.data:$O1$$)
                  200028a0    00000004                                   : stkdepth_vars.obj (.data)
                  200028a4    00000004     system_msp432p401r.obj (.data)

.stack     0    2000fc00    00000400     UNINITIALIZED
                  2000fc00    00000400     --HOLE--

MODULE SUMMARY

       Module                        code   ro data   rw data
       ------                        ----   -------   -------
    .\
       main.obj                      1908   263       248    
       system_msp432p401r.obj        812    0         8      
       startup_msp432p401r_ccs.obj   14     228       0      
    +--+-----------------------------+------+---------+---------+
       Total:                        2734   491       256    
                                                             
    .\Devices\
       ESP8266.obj                   1040   0         8192   
       MSPIO.obj                     548    0         0      
    +--+-----------------------------+------+---------+---------+
       Total:                        1588   0         8192   
                                                             
    .\Hardware\
       UART_Driver.obj               880    0         12320  
       GPIO_Driver.obj               84     0         0      
       CS_Driver.obj                 34     0         0      
    +--+-----------------------------+------+---------+---------+
       Total:                        998    0         12320  
                                                             
    C:/ti/simplelink_msp432p4_sdk_1_60_00_12/source/ti/devices/msp432p4xx/driverlib/ccs/msp432p4xx_driverlib.lib
       pcm_MSP432P4XX.obj            514    0         0      
       gpio_MSP432P4XX.obj           20     48        0      
       flash_MSP432P4XX.obj          40     0         0      
       cs_MSP432P4XX.obj             36     0         0      
    +--+-----------------------------+------+---------+---------+
       Total:                        610    48        0      
                                                             
    C:\ti\ccsv7\tools\compiler\ti-cgt-arm_16.9.6.LTS\lib\rtsv7M4_T_le_v4SPD16_eabi.lib
       ctype.obj                     0      257       0      
       memcpy_t2.obj                 156    0         0      
       memset_t2.obj                 122    0         0      
       autoinit.obj                  112    0         0      
       exit.obj                      84     0         24     
       copy_decompress_lzss.obj      104    0         0      
       boot.obj                      84     0         0      
       ltoa.obj                      84     0         0      
       atoi.obj                      76     0         0      
       cpy_tbl.obj                   76     0         0      
       strstr.obj                    52     0         0      
       _lock.obj                     20     0         16     
       args_main.obj                 24     0         0      
       copy_decompress_none.obj      14     0         0      
       copy_zero_init.obj            12     0         0      
       stkdepth_vars.obj             0      0         8      
       pre_init.obj                  4      0         0      
       mpu_init.obj                  2      0         0      
       startup.obj                   2      0         0      
    +--+-----------------------------+------+---------+---------+
       Total:                        1028   257       48     
                                                             
       Stack:                        0      0         2048   
       Linker Generated:             0      103       0      
    +--+-----------------------------+------+---------+---------+
       Grand Total:                  6958   899       22864  


LINKER GENERATED COPY TABLES

__TI_cinit_table @ 00001ea8 records: 2, size/record: 8, table size: 16
	.data: load addr=00001e50, load size=00000043 bytes, run addr=20002818, run size=00000090 bytes, compression=lzss
	.bss: load addr=00001ea0, load size=00000008 bytes, run addr=20000000, run size=00002818 bytes, compression=zero_init


LINKER GENERATED HANDLER TABLE

__TI_handler_table @ 00001e94 records: 3, size/record: 4, table size: 12
	index: 0, handler: __TI_decompress_lzss
	index: 1, handler: __TI_decompress_none
	index: 2, handler: __TI_zero_init


GLOBAL SYMBOLS: SORTED ALPHABETICALLY BY Name 

address   name                             
-------   ----                             
00001bf3  ADC14_IRQHandler                 
20002800  ADDTARGET                        
00001bf3  AES256_IRQHandler                
00001bf3  BusFault_Handler                 
0000194d  C$$EXIT                          
00001bf3  COMP_E0_IRQHandler               
00001bf3  COMP_E1_IRQHandler               
00001bf3  CS_IRQHandler                    
00001b65  CS_Init                          
00001b41  CS_setDCOCenteredFrequency       
00001bf3  DMA_ERR_IRQHandler               
00001bf3  DMA_INT0_IRQHandler              
00001bf3  DMA_INT1_IRQHandler              
00001bf3  DMA_INT2_IRQHandler              
00001bf3  DMA_INT3_IRQHandler              
00001bf3  DebugMon_Handler                 
00001bf3  Default_Handler                  
00000903  ESP8266_AvailableAPs             
20000000  ESP8266_Buffer                   
000008cd  ESP8266_CheckConnection          
00000939  ESP8266_ConnectToAP              
0000097b  ESP8266_EnableMultipleConnections
000009d9  ESP8266_EstablishConnection      
00000b37  ESP8266_GetBuffer                
00000b3b  ESP8266_HardReset                
00000a69  ESP8266_SendData                 
00000b63  ESP8266_SetUpServer              
00000af9  ESP8266_Terminal                 
00000859  ESP8266_WaitForAnswer            
00000ebd  EUSCIA0_IRQHandler               
00000ebd  EUSCIA0_IRQHandler               
00001bf3  EUSCIA1_IRQHandler               
00000f41  EUSCIA2_IRQHandler               
00000f41  EUSCIA2_IRQHandler               
00001bf3  EUSCIA3_IRQHandler               
00001bf3  EUSCIB0_IRQHandler               
00001bf3  EUSCIB1_IRQHandler               
00001bf3  EUSCIB2_IRQHandler               
00001bf3  EUSCIB3_IRQHandler               
00001bf3  FLCTL_IRQHandler                 
00001bf3  FPU_IRQHandler                   
00001b19  FlashCtl_setWaitState            
000018bf  GPIO_High                        
000018a5  GPIO_Init                        
000018d9  GPIO_Low                         
00001ba1  GPIO_toggleOutputOnPin           
00001bf3  HardFault_Handler                
20002884  MAXTEMP                          
20002888  MINTEMP                          
00001481  MSPgets                          
000013c7  MSPrintf                         
00001bf3  MemManage_Handler                
00001bf3  NMI_Handler                      
00001bf3  PCM_IRQHandler                   
00001ac1  PCM_getCoreVoltageLevel          
00001aed  PCM_getPowerMode                 
00001bc9  PCM_getPowerState                
00001c01  PCM_setCoreVoltageLevel          
00001c09  PCM_setPowerMode                 
000001c5  PORT1_IRQHandler                 
000001c5  PORT1_IRQHandler                 
00001bf3  PORT2_IRQHandler                 
00001bf3  PORT3_IRQHandler                 
00001bf3  PORT4_IRQHandler                 
00001bf3  PORT5_IRQHandler                 
00001bf3  PORT6_IRQHandler                 
00001bf3  PSS_IRQHandler                   
00001bf3  PendSV_Handler                   
00001305  PrintChar                        
0000133b  PrintInteger                     
00001319  PrintString                      
00001bf3  RTC_C_IRQHandler                 
00001be7  Reset_Handler                    
UNDEFED   SHT$$INIT_ARRAY$$Base            
UNDEFED   SHT$$INIT_ARRAY$$Limit           
20002880  STATEFLAG                        
20002804  SUBTARGET                        
00001bf3  SVC_Handler                      
00001bf3  SysTick_Handler                  
200028a4  SystemCoreClock                  
00000fd9  SystemCoreClockUpdate            
0000124d  SystemInit                       
00001bf3  T32_INT1_IRQHandler              
00001bf3  T32_INT2_IRQHandler              
00001bf3  T32_INTC_IRQHandler              
00001bf3  TA0_0_IRQHandler                 
00001bf3  TA0_N_IRQHandler                 
00001bf3  TA1_0_IRQHandler                 
00001bf3  TA1_N_IRQHandler                 
00001bf3  TA2_0_IRQHandler                 
00001bf3  TA2_N_IRQHandler                 
00001bf3  TA3_0_IRQHandler                 
00001bf3  TA3_N_IRQHandler                 
2000287c  TARGET                           
20002878  TEMP                             
20002818  UART0Config                      
2000283c  UART2Config                      
20002000  UARTA0Data                       
20002808  UARTA0ReadIndex                  
2000280c  UARTA0WriteIndex                 
20001000  UARTA2Data                       
20002810  UARTA2ReadIndex                  
20002814  UARTA2WriteIndex                 
00000e51  UART_Available                   
00000e89  UART_Flush                       
00000c69  UART_Init                        
00000d59  UART_Read                        
00000d1d  UART_Write                       
00001bf3  UsageFault_Handler               
4000480c  WDTCTL_SYM                       
00001bf3  WDT_A_IRQHandler                 
20010000  __STACK_END                      
00000400  __STACK_SIZE                     
00001ea8  __TI_CINIT_Base                  
00001eb8  __TI_CINIT_Limit                 
00001e94  __TI_Handler_Table_Base          
00001ea0  __TI_Handler_Table_Limit         
000017cd  __TI_auto_init                   
2000288c  __TI_cleanup_ptr                 
0000183d  __TI_decompress_lzss             
00001bd9  __TI_decompress_none             
20002890  __TI_dtors_ptr                   
20002894  __TI_enable_exit_profile_output  
ffffffff  __TI_pprof_out_hndl              
ffffffff  __TI_prof_data_size              
ffffffff  __TI_prof_data_start             
00000000  __TI_static_base__               
00001bf5  __TI_zero_init                   
00001751  __aeabi_memclr                   
00001751  __aeabi_memclr4                  
00001751  __aeabi_memclr8                  
000016b5  __aeabi_memcpy                   
000016b5  __aeabi_memcpy4                  
000016b5  __aeabi_memcpy8                  
00001753  __aeabi_memset                   
00001753  __aeabi_memset4                  
00001753  __aeabi_memset8                  
ffffffff  __binit__                        
ffffffff  __c_args__                       
000017cb  __mpu_init                       
2000fc00  __stack                          
00001b89  _args_main                       
000018f9  _c_int00                         
00001c14  _ctypes_                         
20002898  _lock                            
00001bc3  _nop                             
00001bbb  _register_lock                   
00001bb5  _register_unlock                 
00001b17  _system_post_cinit               
00001c11  _system_pre_init                 
2000289c  _unlock                          
00001951  abort                            
000019f5  atoi                             
ffffffff  binit                            
000000e5  compareTempTarget                
0000029b  configurePWM                     
00000375  connectToAP                      
00000439  connectToRemoteAPI               
000003f5  connectToServer                  
00001a41  copy_in                          
00001959  exit                             
0000021f  initLEDs                         
00000000  interruptVectors                 
000019a1  ltoa                             
00000531  main                             
200028a0  main_func_sp                     
000016b5  memcpy                           
00001759  memset                           
00000303  parseTemperature                 
20002860  pwmConfig                        
0000046d  sendGetRequest                   
000004cd  sendPostRequest                  
0000012b  setDutyCycle                     
00000253  setSWInterrupts                  
00001a8d  strstr                           
0000017b  updateTarget                     
000002d9  updateTemperature                


GLOBAL SYMBOLS: SORTED BY Symbol Address 

address   name                             
-------   ----                             
00000000  __TI_static_base__               
00000000  interruptVectors                 
000000e5  compareTempTarget                
0000012b  setDutyCycle                     
0000017b  updateTarget                     
000001c5  PORT1_IRQHandler                 
000001c5  PORT1_IRQHandler                 
0000021f  initLEDs                         
00000253  setSWInterrupts                  
0000029b  configurePWM                     
000002d9  updateTemperature                
00000303  parseTemperature                 
00000375  connectToAP                      
000003f5  connectToServer                  
00000400  __STACK_SIZE                     
00000439  connectToRemoteAPI               
0000046d  sendGetRequest                   
000004cd  sendPostRequest                  
00000531  main                             
00000859  ESP8266_WaitForAnswer            
000008cd  ESP8266_CheckConnection          
00000903  ESP8266_AvailableAPs             
00000939  ESP8266_ConnectToAP              
0000097b  ESP8266_EnableMultipleConnections
000009d9  ESP8266_EstablishConnection      
00000a69  ESP8266_SendData                 
00000af9  ESP8266_Terminal                 
00000b37  ESP8266_GetBuffer                
00000b3b  ESP8266_HardReset                
00000b63  ESP8266_SetUpServer              
00000c69  UART_Init                        
00000d1d  UART_Write                       
00000d59  UART_Read                        
00000e51  UART_Available                   
00000e89  UART_Flush                       
00000ebd  EUSCIA0_IRQHandler               
00000ebd  EUSCIA0_IRQHandler               
00000f41  EUSCIA2_IRQHandler               
00000f41  EUSCIA2_IRQHandler               
00000fd9  SystemCoreClockUpdate            
0000124d  SystemInit                       
00001305  PrintChar                        
00001319  PrintString                      
0000133b  PrintInteger                     
000013c7  MSPrintf                         
00001481  MSPgets                          
000016b5  __aeabi_memcpy                   
000016b5  __aeabi_memcpy4                  
000016b5  __aeabi_memcpy8                  
000016b5  memcpy                           
00001751  __aeabi_memclr                   
00001751  __aeabi_memclr4                  
00001751  __aeabi_memclr8                  
00001753  __aeabi_memset                   
00001753  __aeabi_memset4                  
00001753  __aeabi_memset8                  
00001759  memset                           
000017cb  __mpu_init                       
000017cd  __TI_auto_init                   
0000183d  __TI_decompress_lzss             
000018a5  GPIO_Init                        
000018bf  GPIO_High                        
000018d9  GPIO_Low                         
000018f9  _c_int00                         
0000194d  C$$EXIT                          
00001951  abort                            
00001959  exit                             
000019a1  ltoa                             
000019f5  atoi                             
00001a41  copy_in                          
00001a8d  strstr                           
00001ac1  PCM_getCoreVoltageLevel          
00001aed  PCM_getPowerMode                 
00001b17  _system_post_cinit               
00001b19  FlashCtl_setWaitState            
00001b41  CS_setDCOCenteredFrequency       
00001b65  CS_Init                          
00001b89  _args_main                       
00001ba1  GPIO_toggleOutputOnPin           
00001bb5  _register_unlock                 
00001bbb  _register_lock                   
00001bc3  _nop                             
00001bc9  PCM_getPowerState                
00001bd9  __TI_decompress_none             
00001be7  Reset_Handler                    
00001bf3  ADC14_IRQHandler                 
00001bf3  AES256_IRQHandler                
00001bf3  BusFault_Handler                 
00001bf3  COMP_E0_IRQHandler               
00001bf3  COMP_E1_IRQHandler               
00001bf3  CS_IRQHandler                    
00001bf3  DMA_ERR_IRQHandler               
00001bf3  DMA_INT0_IRQHandler              
00001bf3  DMA_INT1_IRQHandler              
00001bf3  DMA_INT2_IRQHandler              
00001bf3  DMA_INT3_IRQHandler              
00001bf3  DebugMon_Handler                 
00001bf3  Default_Handler                  
00001bf3  EUSCIA1_IRQHandler               
00001bf3  EUSCIA3_IRQHandler               
00001bf3  EUSCIB0_IRQHandler               
00001bf3  EUSCIB1_IRQHandler               
00001bf3  EUSCIB2_IRQHandler               
00001bf3  EUSCIB3_IRQHandler               
00001bf3  FLCTL_IRQHandler                 
00001bf3  FPU_IRQHandler                   
00001bf3  HardFault_Handler                
00001bf3  MemManage_Handler                
00001bf3  NMI_Handler                      
00001bf3  PCM_IRQHandler                   
00001bf3  PORT2_IRQHandler                 
00001bf3  PORT3_IRQHandler                 
00001bf3  PORT4_IRQHandler                 
00001bf3  PORT5_IRQHandler                 
00001bf3  PORT6_IRQHandler                 
00001bf3  PSS_IRQHandler                   
00001bf3  PendSV_Handler                   
00001bf3  RTC_C_IRQHandler                 
00001bf3  SVC_Handler                      
00001bf3  SysTick_Handler                  
00001bf3  T32_INT1_IRQHandler              
00001bf3  T32_INT2_IRQHandler              
00001bf3  T32_INTC_IRQHandler              
00001bf3  TA0_0_IRQHandler                 
00001bf3  TA0_N_IRQHandler                 
00001bf3  TA1_0_IRQHandler                 
00001bf3  TA1_N_IRQHandler                 
00001bf3  TA2_0_IRQHandler                 
00001bf3  TA2_N_IRQHandler                 
00001bf3  TA3_0_IRQHandler                 
00001bf3  TA3_N_IRQHandler                 
00001bf3  UsageFault_Handler               
00001bf3  WDT_A_IRQHandler                 
00001bf5  __TI_zero_init                   
00001c01  PCM_setCoreVoltageLevel          
00001c09  PCM_setPowerMode                 
00001c11  _system_pre_init                 
00001c14  _ctypes_                         
00001e94  __TI_Handler_Table_Base          
00001ea0  __TI_Handler_Table_Limit         
00001ea8  __TI_CINIT_Base                  
00001eb8  __TI_CINIT_Limit                 
20000000  ESP8266_Buffer                   
20001000  UARTA2Data                       
20002000  UARTA0Data                       
20002800  ADDTARGET                        
20002804  SUBTARGET                        
20002808  UARTA0ReadIndex                  
2000280c  UARTA0WriteIndex                 
20002810  UARTA2ReadIndex                  
20002814  UARTA2WriteIndex                 
20002818  UART0Config                      
2000283c  UART2Config                      
20002860  pwmConfig                        
20002878  TEMP                             
2000287c  TARGET                           
20002880  STATEFLAG                        
20002884  MAXTEMP                          
20002888  MINTEMP                          
2000288c  __TI_cleanup_ptr                 
20002890  __TI_dtors_ptr                   
20002894  __TI_enable_exit_profile_output  
20002898  _lock                            
2000289c  _unlock                          
200028a0  main_func_sp                     
200028a4  SystemCoreClock                  
2000fc00  __stack                          
20010000  __STACK_END                      
4000480c  WDTCTL_SYM                       
ffffffff  __TI_pprof_out_hndl              
ffffffff  __TI_prof_data_size              
ffffffff  __TI_prof_data_start             
ffffffff  __binit__                        
ffffffff  __c_args__                       
ffffffff  binit                            
UNDEFED   SHT$$INIT_ARRAY$$Base            
UNDEFED   SHT$$INIT_ARRAY$$Limit           

[177 symbols]
